
  .   ____          _            __ _ _
 /\\ / ___'_ __ _ _(_)_ __  __ _ \ \ \ \
( ( )\___ | '_ | '_| | '_ \/ _` | \ \ \ \
 \\/  ___)| |_)| | | | | || (_| |  ) ) ) )
  '  |____| .__|_| |_|_| |_\__, | / / / /
 =========|_|==============|___/=/_/_/_/

 :: Spring Boot ::                (v3.3.4)

2026-08-18T19:14:43.156+06:00  INFO 10312 --- [tilldock-auth] [           main] com.tilldock.auth.AuthApplication        : Starting AuthApplication using Java 26.0.2 with PID 10312 (C:\TillDock\backend\target\extracted\BOOT-INF\classes started by ASUS in C:\TillDock)
2026-08-18T19:14:43.159+06:00  INFO 10312 --- [tilldock-auth] [           main] com.tilldock.auth.AuthApplication        : No active profile set, falling back to 1 default profile: "default"
2026-08-18T19:14:45.165+06:00  INFO 10312 --- [tilldock-auth] [           main] .s.d.r.c.RepositoryConfigurationDelegate : Bootstrapping Spring Data JPA repositories in DEFAULT mode.
2026-08-18T19:14:45.346+06:00  INFO 10312 --- [tilldock-auth] [           main] .s.d.r.c.RepositoryConfigurationDelegate : Finished Spring Data repository scanning in 149 ms. Found 1 JPA repository interface.
2026-08-18T19:14:46.495+06:00  INFO 10312 --- [tilldock-auth] [           main] o.s.b.w.embedded.tomcat.TomcatWebServer  : Tomcat initialized with port 8080 (http)
2026-08-18T19:14:46.514+06:00  INFO 10312 --- [tilldock-auth] [           main] o.apache.catalina.core.StandardService   : Starting service [Tomcat]
2026-08-18T19:14:46.515+06:00  INFO 10312 --- [tilldock-auth] [           main] o.apache.catalina.core.StandardEngine    : Starting Servlet engine: [Apache Tomcat/10.1.30]
2026-08-18T19:14:46.597+06:00  INFO 10312 --- [tilldock-auth] [           main] o.a.c.c.C.[Tomcat].[localhost].[/]       : Initializing Spring embedded WebApplicationContext
2026-08-18T19:14:46.599+06:00  INFO 10312 --- [tilldock-auth] [           main] w.s.c.ServletWebServerApplicationContext : Root WebApplicationContext: initialization completed in 3354 ms
2026-08-18T19:14:48.084+06:00  INFO 10312 --- [tilldock-auth] [           main] org.flywaydb.core.FlywayExecutor         : Database: jdbc:postgresql://ep-morning-dew-azzwjs2o-pooler.c-3.ap-southeast-1.aws.neon.tech:5432/neondb (PostgreSQL 18.4)
2026-08-18T19:14:48.484+06:00  WARN 10312 --- [tilldock-auth] [           main] o.f.c.internal.database.base.Database    : Flyway upgrade recommended: PostgreSQL 18.4 is newer than this version of Flyway and support has not been tested. The latest supported version of PostgreSQL is 16.
2026-08-18T19:14:48.805+06:00  INFO 10312 --- [tilldock-auth] [           main] o.f.core.internal.command.DbValidate     : Successfully validated 1 migration (execution time 00:00.247s)
2026-08-18T19:14:49.471+06:00  INFO 10312 --- [tilldock-auth] [           main] o.f.core.internal.command.DbMigrate      : Current version of schema "public": 1
2026-08-18T19:14:49.528+06:00  INFO 10312 --- [tilldock-auth] [           main] o.f.core.internal.command.DbMigrate      : Schema "public" is up to date. No migration necessary.
2026-08-18T19:14:49.939+06:00  INFO 10312 --- [tilldock-auth] [           main] o.hibernate.jpa.internal.util.LogHelper  : HHH000204: Processing PersistenceUnitInfo [name: default]
2026-08-18T19:14:49.995+06:00  INFO 10312 --- [tilldock-auth] [           main] org.hibernate.Version                    : HHH000412: Hibernate ORM core version 6.5.3.Final
2026-08-18T19:14:50.032+06:00  INFO 10312 --- [tilldock-auth] [           main] o.h.c.internal.RegionFactoryInitiator    : HHH000026: Second-level cache disabled
2026-08-18T19:14:50.320+06:00  INFO 10312 --- [tilldock-auth] [           main] o.s.o.j.p.SpringPersistenceUnitInfo      : No LoadTimeWeaver setup: ignoring JPA class transformer
2026-08-18T19:14:51.437+06:00  INFO 10312 --- [tilldock-auth] [           main] o.h.e.t.j.p.i.JtaPlatformInitiator       : HHH000489: No JTA platform available (set 'hibernate.transaction.jta.platform' to enable JTA platform integration)
2026-08-18T19:14:51.695+06:00  INFO 10312 --- [tilldock-auth] [           main] j.LocalContainerEntityManagerFactoryBean : Initialized JPA EntityManagerFactory for persistence unit 'default'
2026-08-18T19:14:52.040+06:00  INFO 10312 --- [tilldock-auth] [           main] o.s.d.j.r.query.QueryEnhancerFactory     : Hibernate is in classpath; If applicable, HQL parser will be used.
2026-08-18T19:14:52.513+06:00  WARN 10312 --- [tilldock-auth] [           main] .s.s.UserDetailsServiceAutoConfiguration : 

Using generated security password: 6e8219bf-0cc6-4409-9080-9f55997baaea

This generated password is for development use only. Your security configuration must be updated before running your application in production.

2026-08-18T19:14:52.520+06:00  INFO 10312 --- [tilldock-auth] [           main] r$InitializeUserDetailsManagerConfigurer : Global AuthenticationManager configured with UserDetailsService bean with name inMemoryUserDetailsManager
2026-08-18T19:14:53.031+06:00  WARN 10312 --- [tilldock-auth] [           main] ConfigServletWebServerApplicationContext : Exception encountered during context initialization - cancelling refresh attempt: org.springframework.context.ApplicationContextException: Failed to start bean 'webServerStartStop'
2026-08-18T19:14:53.033+06:00  INFO 10312 --- [tilldock-auth] [       2026-08-18T19:15:04.724+06:00  INFO 20136 --- [tilldock-auth] [nio-8080-exec-2] o.a.c.c.C.[Tomcat].[localhost].[/]       : Initializing Spring DispatcherServlet 'dispatcherServlet'
2026-08-18T19:15:04.726+06:00  INFO 20136 --- [tilldock-auth] [nio-8080-exec-2] o.s.web.servlet.DispatcherServlet        : Initializing Servlet 'dispatcherServlet'
2026-08-18T19:15:04.727+06:00  INFO 20136 --- [tilldock-auth] [nio-8080-exec-2] o.s.web.servlet.DispatcherServlet        : Completed initialization in 1 ms
2026-08-18T19:30:31.283+06:00  WARN 20136 --- [tilldock-auth] [io-8080-exec-10] com.zaxxer.hikari.pool.PoolBase          : HikariPool-1 - Failed to validate connection org.postgresql.jdbc.PgConnection@74477bde (This connection has been closed.). Possibly consider using a shorter maxLifetime value.
2026-08-18T19:30:31.316+06:00  WARN 20136 --- [tilldock-auth] [io-8080-exec-10] com.zaxxer.hikari.pool.PoolBase          : HikariPool-1 - Failed to validate connection org.postgresql.jdbc.PgConnection@b0a7d2b (This connection has been closed.). Possibly consider using a shorter maxLifetime value.
