70
WARNING: A restricted method in java.lang.System has been called
WARNING: java.lang.System::load has been called by org.apache.tomcat.jni.Library in an unnamed module (file:/C:/TillDock/backend/target/extracted/BOOT-INF/lib/tomcat-embed-core-10.1.30.jar)
WARNING: Use --enable-native-access=ALL-UNNAMED to avoid a warning for callers in this module
WARNING: Restricted methods will be blocked in a future release unless native access is enabled

  .   ____          _            __ _ _
 /\\ / ___'_ __ _ _(_)_ __  __ _ \ \ \ \
( ( )\___ | '_ | '_| | '_ \/ _` | \ \ \ \
 \\/  ___)| |_)| | | | | || (_| |  ) ) ) )
  '  |____| .__|_| |_|_| |_\__, | / / / /
 =========|_|==============|___/=/_/_/_/

 :: Spring Boot ::                (v3.3.4)

2026-08-19T23:51:34.973+06:00  INFO 26576 --- [tilldock-auth] [           main] com.tilldock.auth.AuthApplication        : Starting AuthApplication using Java 26.0.2 with PID 26576 (C:\TillDock\backend\target\extracted\BOOT-INF\classes started by ASUS in C:\TillDock\backend)
2026-08-19T23:51:34.980+06:00  INFO 26576 --- [tilldock-auth] [           main] com.tilldock.auth.AuthApplication        : No active profile set, falling back to 1 default profile: "default"
2026-08-19T23:51:36.716+06:00  INFO 26576 --- [tilldock-auth] [           main] .s.d.r.c.RepositoryConfigurationDelegate : Bootstrapping Spring Data JPA repositories in DEFAULT mode.
2026-08-19T23:51:36.944+06:00  INFO 26576 --- [tilldock-auth] [           main] .s.d.r.c.RepositoryConfigurationDelegate : Finished Spring Data repository scanning in 209 ms. Found 6 JPA repository interfaces.
2026-08-19T23:51:38.655+06:00  INFO 26576 --- [tilldock-auth] [           main] o.s.b.w.embedded.tomcat.TomcatWebServer  : Tomcat initialized with port 8080 (http)
2026-08-19T23:51:38.688+06:00  INFO 26576 --- [tilldock-auth] [           main] o.apache.catalina.core.StandardService   : Starting service [Tomcat]
2026-08-19T23:51:38.689+06:00  INFO 26576 --- [tilldock-auth] [           main] o.apache.catalina.core.StandardEngine    : Starting Servlet engine: [Apache Tomcat/10.1.30]
2026-08-19T23:51:38.820+06:00  INFO 26576 --- [tilldock-auth] [           main] o.a.c.c.C.[Tomcat].[localhost].[/]       : Initializing Spring embedded WebApplicationContext
2026-08-19T23:51:38.821+06:00  INFO 26576 --- [tilldock-auth] [           main] w.s.c.ServletWebServerApplicationContext : Root WebApplicationContext: initialization completed in 3728 ms
2026-08-19T23:51:41.528+06:00  INFO 26576 --- [tilldock-auth] [           main] org.flywaydb.core.FlywayExecutor         : Database: jdbc:postgresql://ep-morning-dew-azzwjs2o-pooler.c-3.ap-southeast-1.aws.neon.tech:5432/neondb (PostgreSQL 18.6)
2026-08-19T23:51:41.951+06:00  WARN 26576 --- [tilldock-auth] [           main] o.f.c.internal.database.base.Database    : Flyway upgrade recommended: PostgreSQL 18.6 is newer than this version of Flyway and support has not been tested. The latest supported version of PostgreSQL is 16.
2026-08-19T23:51:42.445+06:00  INFO 26576 --- [tilldock-auth] [           main] o.f.core.internal.command.DbValidate     : Successfully validated 5 migrations (execution time 00:00.385s)
2026-08-19T23:51:43.128+06:00  INFO 26576 --- [tilldock-auth] [           main] o.f.core.internal.command.DbMigrate      : Current version of schema "public": 5
2026-08-19T23:51:43.201+06:00  INFO 26576 --- [tilldock-auth] [           main] o.f.core.internal.command.DbMigrate      : Schema "public" is up to date. No migration necessary.
2026-08-19T23:51:43.700+06:00  INFO 26576 --- [tilldock-auth] [           main] o.hibernate.jpa.internal.util.LogHelper  : HHH000204: Processing PersistenceUnitInfo [name: default]
2026-08-19T23:51:43.800+06:00  INFO 26576 --- [tilldock-auth] [           main] org.hibernate.Version                    : HHH000412: Hibernate ORM core version 6.5.3.Final
2026-08-19T23:51:43.860+06:00  INFO 26576 --- [tilldock-auth] [           main] o.h.c.internal.RegionFactoryInitiator    : HHH000026: Second-level cache disabled
2026-08-19T23:51:44.255+06:00  INFO 26576 --- [tilldock-auth] [           main] o.s.o.j.p.SpringPersistenceUnitInfo      : No LoadTimeWeaver setup: ignoring JPA class transformer
2026-08-19T23:51:46.133+06:00  INFO 26576 --- [tilldock-auth] [           main] o.h.e.t.j.p.i.JtaPlatformInitiator       : HHH000489: No JTA platform available (set 'hibernate.transaction.jta.platform' to enable JTA platform integration)
2026-08-19T23:51:46.139+06:00  INFO 26576 --- [tilldock-auth] [           main] j.LocalContainerEntityManagerFactoryBean : Initialized JPA EntityManagerFactory for persistence unit 'default'
2026-08-19T23:51:46.648+06:00  INFO 26576 --- [tilldock-auth] [           main] o.s.d.j.r.query.QueryEnhancerFactory     : Hibernate is in classpath; If applicable, HQL parser will be used.


Id         : 26576
WS_MB      : 261.7
Responding : True




 State LocalPort OwningProcess
 ----- --------- -------------
Listen      8080         26576


