To honour the JVM settings for this build a single-use Daemon process will be forked. For more on this, please refer to https://docs.gradle.org/9.3.1/userguide/gradle_daemon.html#sec:disabling_the_daemon in the Gradle documentation.
Daemon will be stopped at the end of the build 

> Configure project :app
.\gradlew.bat : e: file:///C:/TillDock/app/build.gradle.kts:47:9: Unresolved 
reference 'checkBuildScripts'.
At line:1 char:1
+ .\gradlew.bat :app:lintDebug --no-daemon --console=plain 2>&1 | Out-F ...
+ ~~~~~~~~~~~~~~~~~~~~~~~~~~~~~~~~~~~~~~~~~~~~~~~~~~~~~~~~~~~~~
    + CategoryInfo          : NotSpecified: (e: file:///C:/T...kBuildScripts'. 
   :String) [], RemoteException
    + FullyQualifiedErrorId : NativeCommandError
 

FAILURE: Build failed with an exception.

* Where:
Build file 'C:\TillDock\app\build.gradle.kts' line: 47

* What went wrong:
Script compilation error:

  Line 47:         checkBuildScripts = false
                   ^ Unresolved reference 'checkBuildScripts'.

1 error

* Try:
> Run with --stacktrace option to get the stack trace.
> Run with --info or --debug option to get more log output.
> Run with --scan to get full insights from a Build Scan (powered by 
Develocity).
> Get more help at https://help.gradle.org.

BUILD FAILED in 37s
