.\gradlew.bat : Picked up _JAVA_OPTIONS: -Dorg.gradle.workers.max=1
At line:1 char:200
+ ... echo "==="; .\gradlew.bat :app:lintDebug -x lintAnalyzeDebugAndroidTe ...
+                 ~~~~~~~~~~~~~~~~~~~~~~~~~~~~~~~~~~~~~~~~~~~~~~~~~~~~~~~~~
    + CategoryInfo          : NotSpecified: (Picked up _JAVA...e.workers.max=1 
   :String) [], RemoteException
    + FullyQualifiedErrorId : NativeCommandError
 
To honour the JVM settings for this build a single-use Daemon process will be forked. For more on this, please refer to https://docs.gradle.org/9.3.1/userguide/gradle_daemon.html#sec:disabling_the_daemon in the Gradle documentation.
Daemon will be stopped at the end of the build 
Warning: SDK processing. This version only understands SDK XML versions up to 
3 but an SDK XML file of version 4 was encountered. This can happen if you use 
versions of Android Studio and the command-line tools that were released at 
different times.
> Task :app:preBuild UP-TO-DATE
> Task :app:preDebugBuild UP-TO-DATE
> Task :app:dataBindingMergeDependencyArtifactsDebug UP-TO-DATE
> Task :app:generateDebugResources UP-TO-DATE
> Task :app:mergeDebugResources UP-TO-DATE
> Task :app:packageDebugResources UP-TO-DATE
> Task :app:processDebugNavigationResources UP-TO-DATE
> Task :app:parseDebugLocalResources UP-TO-DATE
> Task :app:dataBindingGenBaseClassesDebug UP-TO-DATE
> Task :app:generateDebugBuildConfig UP-TO-DATE
> Task :app:generateDebugRFile UP-TO-DATE
> Task :app:compileDebugKotlin NO-SOURCE
> Task :app:javaPreCompileDebug UP-TO-DATE

> Task :app:compileDebugJavaWithJavac
Picked up _JAVA_OPTIONS: -Dorg.gradle.workers.max=1

Picked up _JAVA_OPTIONS: -Dorg.gradle.workers.max=1

Picked up _JAVA_OPTIONS: -Dorg.gradle.workers.max=1

Note: Some input files use or override a deprecated API.
Note: Recompile with -Xlint:deprecation for details.
Note: C:\TillDock\app\src\main\java\com\example\tilldock\data\repository\Produc
tRepository.java uses unchecked or unsafe operations.
Note: Recompile with -Xlint:unchecked for details.

> Task :app:checkDebugAarMetadata UP-TO-DATE
> Task :app:mapDebugSourceSetPaths UP-TO-DATE
> Task :app:compileDebugNavigationResources UP-TO-DATE
> Task :app:createDebugCompatibleScreenManifests UP-TO-DATE
> Task :app:extractDeepLinksDebug UP-TO-DATE
> Task :app:processDebugMainManifest UP-TO-DATE
> Task :app:processDebugManifest UP-TO-DATE
> Task :app:processDebugManifestForPackage UP-TO-DATE
> Task :app:processDebugResources UP-TO-DATE
> Task :app:bundleDebugClassesToCompileJar UP-TO-DATE
> Task :app:preDebugAndroidTestBuild SKIPPED
> Task :app:generateDebugAndroidTestLintModel UP-TO-DATE
> Task :app:extractProguardFiles UP-TO-DATE
> Task :app:generateDebugLintReportModel UP-TO-DATE
> Task :app:preDebugUnitTestBuild UP-TO-DATE
> Task :app:generateDebugUnitTestLintModel UP-TO-DATE
> Task :app:lintAnalyzeDebug
