
  .   ____          _            __ _ _
 /\\ / ___'_ __ _ _(_)_ __  __ _ \ \ \ \
( ( )\___ | '_ | '_| | '_ \/ _` | \ \ \ \
 \\/  ___)| |_)| | | | | || (_| |  ) ) ) )
  '  |____| .__|_| |_|_| |_\__, | / / / /
 =========|_|==============|___/=/_/_/_/

 :: Spring Boot ::                (v3.3.4)

2026-08-20T00:32:54.316+06:00  INFO 34124 --- [tilldock-auth] [           main] com.tilldock.auth.AuthApplication        : Starting AuthApplication using Java 26.0.2 with PID 34124 (C:\TillDock\backend\target\extracted\BOOT-INF\classes started by ASUS in C:\TillDock\backend)
2026-08-20T00:32:54.318+06:00  INFO 34124 --- [tilldock-auth] [           main] com.tilldock.auth.AuthApplication        : No active profile set, falling back to 1 default profile: "default"
2026-08-20T00:32:55.363+06:00  INFO 34124 --- [tilldock-auth] [           main] .s.d.r.c.RepositoryConfigurationDelegate : Bootstrapping Spring Data JPA repositories in DEFAULT mode.
2026-08-20T00:32:55.450+06:00  INFO 34124 --- [tilldock-auth] [           main] .s.d.r.c.RepositoryConfigurationDelegate : Finished Spring Data repository scanning in 76 ms. Found 6 JPA repository interfaces.
2026-08-20T00:32:56.554+06:00  INFO 34124 --- [tilldock-auth] [           main] o.s.b.w.embedded.tomcat.TomcatWebServer  : Tomcat initialized with port 8080 (http)
2026-08-20T00:32:56.573+06:00  INFO 34124 --- [tilldock-auth] [           main] o.apache.catalina.core.StandardService   : Starting service [Tomcat]
2026-08-20T00:32:56.574+06:00  INFO 34124 --- [tilldock-auth] [           main] o.apache.catalina.core.StandardEngine    : Starting Servlet engine: [Apache Tomcat/10.1.30]
2026-08-20T00:32:56.696+06:00  INFO 34124 --- [tilldock-auth] [           main] o.a.c.c.C.[Tomcat].[localhost].[/]       : Initializing Spring embedded WebApplicationContext
2026-08-20T00:32:56.707+06:00  INFO 34124 --- [tilldock-auth] [           main] w.s.c.ServletWebServerApplicationContext : Root WebApplicationContext: initialization completed in 2332 ms
2026-08-20T00:32:58.530+06:00  INFO 34124 --- [tilldock-auth] [           main] org.flywaydb.core.FlywayExecutor         : Database: jdbc:postgresql://ep-morning-dew-azzwjs2o-pooler.c-3.ap-southeast-1.aws.neon.tech:5432/neondb (PostgreSQL 18.6)
2026-08-20T00:32:58.935+06:00  WARN 34124 --- [tilldock-auth] [           main] o.f.c.internal.database.base.Database    : Flyway upgrade recommended: PostgreSQL 18.6 is newer than this version of Flyway and support has not been tested. The latest supported version of PostgreSQL is 16.
2026-08-20T00:32:59.369+06:00  INFO 34124 --- [tilldock-auth] [           main] o.f.core.internal.command.DbValidate     : Successfully validated 5 migrations (execution time 00:00.336s)
2026-08-20T00:33:00.065+06:00  INFO 34124 --- [tilldock-auth] [           main] o.f.core.internal.command.DbMigrate      : Current version of schema "public": 5
2026-08-20T00:33:00.135+06:00  INFO 34124 --- [tilldock-auth] [           main] o.f.core.internal.command.DbMigrate      : Schema "public" is up to date. No migration necessary.
2026-08-20T00:33:00.583+06:00  INFO 34124 --- [tilldock-auth] [           main] o.hibernate.jpa.internal.util.LogHelper  : HHH000204: Processing PersistenceUnitInfo [name: default]
2026-08-20T00:33:00.660+06:00  INFO 34124 --- [tilldock-auth] [           main] org.hibernate.Version                    : HHH000412: Hibernate ORM core version 6.5.3.Final
2026-08-20T00:33:00.707+06:00  INFO 34124 --- [tilldock-auth] [           main] o.h.c.internal.RegionFactoryInitiator    : HHH000026: Second-level cache disabled
2026-08-20T00:33:01.005+06:00  INFO 34124 --- [tilldock-auth] [           main] o.s.o.j.p.SpringPersistenceUnitInfo      : No LoadTimeWeaver setup: ignoring JPA class transformer
2026-08-20T00:33:02.370+06:00  INFO 34124 --- [tilldock-auth] [           main] o.h.e.t.j.p.i.JtaPlatformInitiator       : HHH000489: No JTA platform available (set 'hibernate.transaction.jta.platform' to enable JTA platform integration)
2026-08-20T00:33:02.374+06:00  INFO 34124 --- [tilldock-auth] [           main] j.LocalContainerEntityManagerFactoryBean : Initialized JPA EntityManagerFactory for persistence unit 'default'
2026-08-20T00:33:02.718+06:00  INFO 34124 --- [tilldock-auth] [           main] o.s.d.j.r.query.QueryEnhancerFactory     : Hibernate is in classpath; If applicable, HQL parser will be used.
2026-08-20T00:33:03.720+06:00  WARN 34124 --- [tilldock-auth] [           main] .s.s.UserDetailsServiceAutoConfiguration : 

Using generated security password: 73755051-d548-49a3-97ec-8a1c5722353f

This generated password is for development use only. Your security configuration must be updated before running your application in production.

2026-08-20T00:33:03.729+06:00  INFO 34124 --- [tilldock-auth] [           main] r$InitializeUserDetailsManagerConfigurer : Global AuthenticationManager configured with UserDetailsService bean with name inMemoryUserDetailsManager
2026-08-20T00:33:04.327+06:00  WARN 34124 --- [tilldock-auth] [           main] ConfigServletWebServerApplicationContext : Exception encountered during context initialization - cancelling refresh attempt: org.springframework.context.ApplicationContextException: Failed to start bean 'webServerStartStop'
2026-08-20T00:33:04.329+06:00  INFO 34124 --- [tilldock-auth] [           main] j.LocalContainerEntityManagerFactoryBean : Closing JPA EntityManagerFactory for persistence unit 'default'
2026-08-20T00:33:04.561+06:00  INFO 34124 --- [tilldock-auth] [           main] .s.b.a.l.ConditionEvaluationReportLogger : 

Error starting ApplicationContext. To display the condition evaluation report re-run your application with 'debug' enabled.
2026-08-20T00:33:04.577+06:00 ERROR 34124 --- [tilldock-auth] [           main] o.s.b.d.LoggingFailureAnalysisReporter   : 

***************************
APPLICATION FAILED TO START
***************************

Description:

Web server failed to start. Port 8080 was already in use.

Action:

Identify and stop the process that's listening on port 8080 or configure this application to listen on another port.

